// Jest Snapshot v1, https://goo.gl/fbAQLP

exports[`React Todo App Checking that todo item matches snapshot 1`] = `
<div>
  <div
    class="item"
    data-testid="todoItem"
  >
    <div
      class="todoDetails"
    >
      <div
        class="svgBox"
        data-testid="button-animate"
      >
        <svg
          class="svg"
          fill="none"
          viewBox="0 0 53 38"
          xmlns="http://www.w3.org/2000/svg"
        >
          <path
            d="M1.5 22L16 36.5L51.5 1"
            fill="none"
            opacity="0"
            pathLength="1"
            stroke-dasharray="0px 1px"
            stroke-dashoffset="0px"
            stroke-linecap="round"
            stroke-linejoin="round"
            stroke-miterlimit="10"
            stroke-width="6"
          />
        </svg>
      </div>
      <div
        class="texts"
      >
        <p
          class="todoText false"
        />
        <p
          class="time"
        >
          2:58 PM, 11/10/2023
        </p>
      </div>
    </div>
    <div
      class="todoActions"
    >
      <div
        class="icon"
        role="button"
        tabindex="0"
      >
        <svg
          fill="currentColor"
          height="1em"
          stroke="currentColor"
          stroke-width="0"
          viewBox="0 0 24 24"
          width="1em"
          xmlns="http://www.w3.org/2000/svg"
        >
          <path
            d="M0 0h24v24H0z"
            fill="none"
          />
          <path
            d="M6 19c0 1.1.9 2 2 2h8c1.1 0 2-.9 2-2V7H6v12zM19 4h-3.5l-1-1h-5l-1 1H5v2h14V4z"
          />
        </svg>
      </div>
      <div
        class="icon"
        role="button"
        tabindex="0"
      >
        <svg
          fill="currentColor"
          height="1em"
          stroke="currentColor"
          stroke-width="0"
          viewBox="0 0 24 24"
          width="1em"
          xmlns="http://www.w3.org/2000/svg"
        >
          <path
            d="M0 0h24v24H0z"
            fill="none"
          />
          <path
            d="M3 17.25V21h3.75L17.81 9.94l-3.75-3.75L3 17.25zM20.71 7.04a.996.996 0 000-1.41l-2.34-2.34a.996.996 0 00-1.41 0l-1.83 1.83 3.75 3.75 1.83-1.83z"
          />
        </svg>
      </div>
    </div>
  </div>
</div>
`;
